**********test start**********
/home/oracle/dr_check/dr_db_status.sh[6]: [-d:  not found.
已经创建指定目录
*********begin to check WHPRD on 10.220.3.47**********

SQL*Plus: Release 10.2.0.4.0 - Production on Mon Mar 16 10:40:00 2015

Copyright (c) 1982, 2007, Oracle.  All Rights Reserved.

Connected.
SQL> set serveroutput on
SQL> insert	into drcheck_job_check values ('&3',sysdate,'&1','&2');
old   1: insert  into drcheck_job_check values ('&3',sysdate,'&1','&2')
new   1: insert  into drcheck_job_check values ('20150316',sysdate,'WHPRD','*********begin to check WHPRD  on 10.220.3.47**********')

1 row created.

SQL> commit ;

Commit complete.

SQL> exit;
Disconnected from Oracle Database 11g Enterprise Edition Release 11.2.0.1.0 - 64bit Production
With the Partitioning, OLAP, Data Mining and Real Application Testing options

SQL*Plus: Release 10.2.0.4.0 - Production on Mon Mar 16 10:40:00 2015

Copyright (c) 1982, 2007, Oracle.  All Rights Reserved.

Connected.
SQL> set serveroutput on
SQL> insert	into drcheck_job_check values ('&3',sysdate,'&1','&2');
old   1: insert  into drcheck_job_check values ('&3',sysdate,'&1','&2')
new   1: insert  into drcheck_job_check values ('20150316',sysdate,'WHPRD','step1-check WHPRD status**********')

1 row created.

SQL> commit ;

Commit complete.

SQL> exit;
Disconnected from Oracle Database 11g Enterprise Edition Release 11.2.0.1.0 - 64bit Production
With the Partitioning, OLAP, Data Mining and Real Application Testing options

SQL*Plus: Release 10.2.0.4.0 - Production on Mon Mar 16 10:40:00 2015

Copyright (c) 1982, 2007, Oracle.  All Rights Reserved.

Connected.
MOUNTED
Disconnected from Oracle Database 10g Enterprise Edition Release 10.2.0.4.0 - 64bit Production
With the Partitioning, OLAP, Data Mining and Real Application Testing options

SQL*Plus: Release 10.2.0.4.0 - Production on Mon Mar 16 10:40:00 2015

Copyright (c) 1982, 2007, Oracle.  All Rights Reserved.

Connected.
SQL> set serveroutput on
SQL> insert	into drcheck_job_check values ('&3',sysdate,'&1','&2');
old   1: insert  into drcheck_job_check values ('&3',sysdate,'&1','&2')
new   1: insert  into drcheck_job_check values ('20150316',sysdate,'WHPRD','standby database WHPRD is MOUNTED')

1 row created.

SQL> commit ;

Commit complete.

SQL> exit;
Disconnected from Oracle Database 11g Enterprise Edition Release 11.2.0.1.0 - 64bit Production
With the Partitioning, OLAP, Data Mining and Real Application Testing options
MOUNTED

SQL*Plus: Release 10.2.0.4.0 - Production on Mon Mar 16 10:40:00 2015

Copyright (c) 1982, 2007, Oracle.  All Rights Reserved.

Connected.
2014-12-04:15:03:49
414930
USE_DB_RECOVERY_FILE_DEST
Disconnected from Oracle Database 10g Enterprise Edition Release 10.2.0.4.0 - 64bit Production
With the Partitioning, OLAP, Data Mining and Real Application Testing options

SQL*Plus: Release 10.2.0.4.0 - Production on Mon Mar 16 10:40:00 2015

Copyright (c) 1982, 2007, Oracle.  All Rights Reserved.

Connected.
SQL> set serveroutput on
SQL> insert	into drcheck_job_check values ('&3',sysdate,'&1','&2');
old   1: insert  into drcheck_job_check values ('&3',sysdate,'&1','&2')
new   1: insert  into drcheck_job_check values ('20150316',sysdate,'WHPRD','step1-2:The standby log destination is:USE_DB_RECOVERY_FILE_DEST')

1 row created.

SQL> commit ;

Commit complete.

SQL> exit;
Disconnected from Oracle Database 11g Enterprise Edition Release 11.2.0.1.0 - 64bit Production
With the Partitioning, OLAP, Data Mining and Real Application Testing options

SQL*Plus: Release 10.2.0.4.0 - Production on Mon Mar 16 10:40:01 2015

Copyright (c) 1982, 2007, Oracle.  All Rights Reserved.

Connected.
SQL> set serveroutput on
SQL> insert	into drcheck_job_check values ('&3',sysdate,'&1','&2');
old   1: insert  into drcheck_job_check values ('&3',sysdate,'&1','&2')
new   1: insert  into drcheck_job_check values ('20150316',sysdate,'WHPRD','step1-2:The standby last log sequence is:414930')

1 row created.

SQL> commit ;

Commit complete.

SQL> exit;
Disconnected from Oracle Database 11g Enterprise Edition Release 11.2.0.1.0 - 64bit Production
With the Partitioning, OLAP, Data Mining and Real Application Testing options

SQL*Plus: Release 10.2.0.4.0 - Production on Mon Mar 16 10:40:01 2015

Copyright (c) 1982, 2007, Oracle.  All Rights Reserved.

Connected.
SQL> set serveroutput on
SQL> insert	into drcheck_job_check values ('&3',sysdate,'&1','&2');
old   1: insert  into drcheck_job_check values ('&3',sysdate,'&1','&2')
new   1: insert  into drcheck_job_check values ('20150316',sysdate,'WHPRD','step1-2:The standby last apply time is:2014-12-04:15:03:49')

1 row created.

SQL> commit ;

Commit complete.

SQL> exit;
Disconnected from Oracle Database 11g Enterprise Edition Release 11.2.0.1.0 - 64bit Production
With the Partitioning, OLAP, Data Mining and Real Application Testing options

SQL*Plus: Release 10.2.0.4.0 - Production on Mon Mar 16 10:40:01 2015

Copyright (c) 1982, 2007, Oracle.  All Rights Reserved.

Connected.
db_recovery_file_dest		     string	 /archive
db_recovery_file_dest_size	     big integer 200G
Disconnected from Oracle Database 10g Enterprise Edition Release 10.2.0.4.0 - 64bit Production
With the Partitioning, OLAP, Data Mining and Real Application Testing options

SQL*Plus: Release 10.2.0.4.0 - Production on Mon Mar 16 10:40:01 2015

Copyright (c) 1982, 2007, Oracle.  All Rights Reserved.

Connected.
SQL> set serveroutput on
SQL> insert	into drcheck_job_check values ('&3',sysdate,'&1','&2');
old   1: insert  into drcheck_job_check values ('&3',sysdate,'&1','&2')
new   1: insert  into drcheck_job_check values ('20150316',sysdate,'WHPRD','step1-2:The standby archive log dest is:/archive')

1 row created.

SQL> commit ;

Commit complete.

SQL> exit;
Disconnected from Oracle Database 11g Enterprise Edition Release 11.2.0.1.0 - 64bit Production
With the Partitioning, OLAP, Data Mining and Real Application Testing options

SQL*Plus: Release 10.2.0.4.0 - Production on Mon Mar 16 10:40:01 2015

Copyright (c) 1982, 2007, Oracle.  All Rights Reserved.

Connected.
SQL> set serveroutput on
SQL> insert	into drcheck_job_check values ('&3',sysdate,'&1','&2');
old   1: insert  into drcheck_job_check values ('&3',sysdate,'&1','&2')
new   1: insert  into drcheck_job_check values ('20150316',sysdate,'WHPRD','step1-2:The standby archive log dest used percent:21%')

1 row created.

SQL> commit ;

Commit complete.

SQL> exit;
Disconnected from Oracle Database 11g Enterprise Edition Release 11.2.0.1.0 - 64bit Production
With the Partitioning, OLAP, Data Mining and Real Application Testing options

SQL*Plus: Release 10.2.0.4.0 - Production on Mon Mar 16 10:40:01 2015

Copyright (c) 1982, 2007, Oracle.  All Rights Reserved.

Connected.
SQL> set serveroutput on
SQL> insert	into drcheck_job_check values ('&3',sysdate,'&1','&2');
old   1: insert  into drcheck_job_check values ('&3',sysdate,'&1','&2')
new   1: insert  into drcheck_job_check values ('20150316',sysdate,'WHPRD','step1-2:The standby hostname is:HRFXIPCOREapp2')

1 row created.

SQL> commit ;

Commit complete.

SQL> exit;
Disconnected from Oracle Database 11g Enterprise Edition Release 11.2.0.1.0 - 64bit Production
With the Partitioning, OLAP, Data Mining and Real Application Testing options
/home/oracle/dr_check/dr_db_status.sh[103]: test: 0403-004 Specify a parameter with this command.
0 0 04-DEC-2014 15:09:47 04-DEC-2014 15:09:47

SQL*Plus: Release 10.2.0.4.0 - Production on Mon Mar 16 10:40:02 2015

Copyright (c) 1982, 2007, Oracle.  All Rights Reserved.

Connected.
SQL> set serveroutput on
SQL> insert	into drcheck_job_check values ('&3',sysdate,'&1','&2');
old   1: insert  into drcheck_job_check values ('&3',sysdate,'&1','&2')
new   1: insert  into drcheck_job_check values ('20150316',sysdate,'WHPRD','step1-2:The standby OFFLINE_NUM is:0')

1 row created.

SQL> commit ;

Commit complete.

SQL> exit;
Disconnected from Oracle Database 11g Enterprise Edition Release 11.2.0.1.0 - 64bit Production
With the Partitioning, OLAP, Data Mining and Real Application Testing options

SQL*Plus: Release 10.2.0.4.0 - Production on Mon Mar 16 10:40:02 2015

Copyright (c) 1982, 2007, Oracle.  All Rights Reserved.

Connected.
SQL> set serveroutput on
SQL> insert	into drcheck_job_check values ('&3',sysdate,'&1','&2');
old   1: insert  into drcheck_job_check values ('&3',sysdate,'&1','&2')
new   1: insert  into drcheck_job_check values ('20150316',sysdate,'WHPRD','step1-2:The standby ACTIVE_NUM is:0')

1 row created.

SQL> commit ;

Commit complete.

SQL> exit;
Disconnected from Oracle Database 11g Enterprise Edition Release 11.2.0.1.0 - 64bit Production
With the Partitioning, OLAP, Data Mining and Real Application Testing options

SQL*Plus: Release 10.2.0.4.0 - Production on Mon Mar 16 10:40:02 2015

Copyright (c) 1982, 2007, Oracle.  All Rights Reserved.

Connected.
SQL> set serveroutput on
SQL> insert	into drcheck_job_check values ('&3',sysdate,'&1','&2');
old   1: insert  into drcheck_job_check values ('&3',sysdate,'&1','&2')
new   1: insert  into drcheck_job_check values ('20150316',sysdate,'WHPRD','step1-2:The standby APPLY_LAG is:04-DEC-2014 15:09:47')

1 row created.

SQL> commit ;

Commit complete.

SQL> exit;
Disconnected from Oracle Database 11g Enterprise Edition Release 11.2.0.1.0 - 64bit Production
With the Partitioning, OLAP, Data Mining and Real Application Testing options

SQL*Plus: Release 10.2.0.4.0 - Production on Mon Mar 16 10:40:02 2015

Copyright (c) 1982, 2007, Oracle.  All Rights Reserved.

Connected.
SQL> set serveroutput on
SQL> insert	into drcheck_job_check values ('&3',sysdate,'&1','&2');
old   1: insert  into drcheck_job_check values ('&3',sysdate,'&1','&2')
new   1: insert  into drcheck_job_check values ('20150316',sysdate,'WHPRD','step1-2:The standby TIME_COMPUTED is:04-DEC-2014 15:09:47')

1 row created.

SQL> commit ;

Commit complete.

SQL> exit;
Disconnected from Oracle Database 11g Enterprise Edition Release 11.2.0.1.0 - 64bit Production
With the Partitioning, OLAP, Data Mining and Real Application Testing options

SQL*Plus: Release 10.2.0.4.0 - Production on Mon Mar 16 10:40:02 2015

Copyright (c) 1982, 2007, Oracle.  All Rights Reserved.

Connected.
SQL> set serveroutput on
SQL> insert	into drcheck_job_check values ('&3',sysdate,'&1','&2');
old   1: insert  into drcheck_job_check values ('&3',sysdate,'&1','&2')
new   1: insert  into drcheck_job_check values ('20150316',sysdate,'WHPRD','begin to insert parameter into check db!')

1 row created.

SQL> commit ;

Commit complete.

SQL> exit;
Disconnected from Oracle Database 11g Enterprise Edition Release 11.2.0.1.0 - 64bit Production
With the Partitioning, OLAP, Data Mining and Real Application Testing options

SQL*Plus: Release 10.2.0.4.0 - Production on Mon Mar 16 10:40:02 2015

Copyright (c) 1982, 2007, Oracle.  All Rights Reserved.

Connected.
SQL> set serveroutput on
SQL> insert	into   drcheck.DB_CHECK_AUTO_D	 values ('&1','&2','&3','&4','&5','&6','&7','&8','&9','&10','&11',sysdate,'&12','&13');
old   1: insert  into	drcheck.DB_CHECK_AUTO_D   values ('&1','&2','&3','&4','&5','&6','&7','&8','&9','&10','&11',sysdate,'&12','&13')
new   1: insert  into	drcheck.DB_CHECK_AUTO_D   values ('WHPRD','USE_DB_RECOVERY_FILE_DEST','414930','2014-12-04:15:03:49','/archive','21%','HRFXIPCOREapp2','0','0','04-DEC-2014 15:09:47','04-DEC-2014 15:09:47',sysdate,'10.220.3.47','MOUNTED')

1 row created.

SQL> commit ;

Commit complete.

SQL> exit;
Disconnected from Oracle Database 11g Enterprise Edition Release 11.2.0.1.0 - 64bit Production
With the Partitioning, OLAP, Data Mining and Real Application Testing options

SQL*Plus: Release 10.2.0.4.0 - Production on Mon Mar 16 10:40:02 2015

Copyright (c) 1982, 2007, Oracle.  All Rights Reserved.

Connected.
SQL> set serveroutput on
SQL> insert	into drcheck_job_check values ('&3',sysdate,'&1','&2');
old   1: insert  into drcheck_job_check values ('&3',sysdate,'&1','&2')
new   1: insert  into drcheck_job_check values ('20150316',sysdate,'WHPRD','**********check end**********')

1 row created.

SQL> commit ;

Commit complete.

SQL> exit;
Disconnected from Oracle Database 11g Enterprise Edition Release 11.2.0.1.0 - 64bit Production
With the Partitioning, OLAP, Data Mining and Real Application Testing options
